Archive member included to satisfy reference by file (symbol)

C:\Program Files (x86)\GNU Arm Embedded Toolchain\10 2021.10\lib\gcc\arm-none-eabi\10.3.1\thumb\v6-m\nofp\libgcc.a(_divsi3.o)
                              serial.o (__aeabi_idiv)
C:\Program Files (x86)\GNU Arm Embedded Toolchain\10 2021.10\lib\gcc\arm-none-eabi\10.3.1\thumb\v6-m\nofp\libgcc.a(_dvmd_tls.o)
                              C:\Program Files (x86)\GNU Arm Embedded Toolchain\10 2021.10\lib\gcc\arm-none-eabi\10.3.1\thumb\v6-m\nofp\libgcc.a(_divsi3.o) (__aeabi_idiv0)

Memory Configuration

Name             Origin             Length             Attributes
flash            0x00000000         0x00008000
ram              0x10000000         0x00002000
*default*        0x00000000         0xffffffff

Linker script and memory map

LOAD init.o
LOAD main.o
LOAD serial.o
LOAD C:\Program Files (x86)\GNU Arm Embedded Toolchain\10 2021.10\arm-none-eabi\lib\thumb\v6-m\nofp\libnosys.a
LOAD C:\Program Files (x86)\GNU Arm Embedded Toolchain\10 2021.10\lib\gcc\arm-none-eabi\10.3.1\thumb\v6-m\nofp\libgcc.a
                0x00000000                . = ORIGIN (flash)

.text           0x00000000      0xc5c
 *(.vectors)
 .vectors       0x00000000       0xc0 init.o
                0x00000000                Vectors
 *(.text)
 .text          0x000000c0       0xd4 init.o
                0x000000c0                clock_init
                0x00000114                init
                0x0000018c                Default_Handler
 .text          0x00000194      0x540 main.o
                0x00000194                ConfigPins
                0x00000218                InitTimer
                0x00000310                Reload_SCTIMER
                0x0000035c                wait_1ms
                0x0000039c                delayms
                0x000003be                STC_IRQ_Handler
                0x000005b4                myAtoi
                0x000005fc                main
 .text          0x000006d4      0x3b0 serial.o
                0x000006d4                initUART
                0x000007c4                UART0_isr
                0x000007fc                putBuf
                0x00000844                getBuf
                0x00000894                rx_count
                0x000008a8                eputc
                0x000008ec                eputs
                0x00000918                egetc
                0x00000930                egets
                0x000009c0                printString
                0x000009e4                PrintNumber
 .text          0x00000a84      0x1d4 C:\Program Files (x86)\GNU Arm Embedded Toolchain\10 2021.10\lib\gcc\arm-none-eabi\10.3.1\thumb\v6-m\nofp\libgcc.a(_divsi3.o)
                0x00000a84                __divsi3
                0x00000a84                __aeabi_idiv
                0x00000c50                __aeabi_idivmod
 .text          0x00000c58        0x4 C:\Program Files (x86)\GNU Arm Embedded Toolchain\10 2021.10\lib\gcc\arm-none-eabi\10.3.1\thumb\v6-m\nofp\libgcc.a(_dvmd_tls.o)
                0x00000c58                __aeabi_idiv0
                0x00000c58                __aeabi_ldiv0

.glue_7         0x00000c5c        0x0
 .glue_7        0x00000c5c        0x0 linker stubs

.glue_7t        0x00000c5c        0x0
 .glue_7t       0x00000c5c        0x0 linker stubs

.vfp11_veneer   0x00000c5c        0x0
 .vfp11_veneer  0x00000c5c        0x0 linker stubs

.v4_bx          0x00000c5c        0x0
 .v4_bx         0x00000c5c        0x0 linker stubs

.iplt           0x00000c5c        0x0
 .iplt          0x00000c5c        0x0 init.o

.rel.dyn        0x00000c5c        0x0
 .rel.iplt      0x00000c5c        0x0 init.o

.rodata         0x00000c5c       0x6d
 .rodata        0x00000c5c       0x56 main.o
 *fill*         0x00000cb2        0x2 
 .rodata        0x00000cb4       0x15 serial.o
                0x10000000                . = ORIGIN (ram)

.data           0x10000000        0x0 load address 0x00000cc9
                0x00000cc9                INIT_DATA_VALUES = LOADADDR (.data)
                0x10000000                INIT_DATA_START = .
 *(.data)
 .data          0x10000000        0x0 init.o
 .data          0x10000000        0x0 main.o
 .data          0x10000000        0x0 serial.o
 .data          0x10000000        0x0 C:\Program Files (x86)\GNU Arm Embedded Toolchain\10 2021.10\lib\gcc\arm-none-eabi\10.3.1\thumb\v6-m\nofp\libgcc.a(_divsi3.o)
 .data          0x10000000        0x0 C:\Program Files (x86)\GNU Arm Embedded Toolchain\10 2021.10\lib\gcc\arm-none-eabi\10.3.1\thumb\v6-m\nofp\libgcc.a(_dvmd_tls.o)
                0x10000000                INIT_DATA_END = .
                0x10000000                BSS_START = .

.igot.plt       0x10000000        0x0 load address 0x00000cc9
 .igot.plt      0x10000000        0x0 init.o

.bss            0x10000000       0x24 load address 0x00000cc9
 *(.bss)
 .bss           0x10000000        0x0 init.o
 .bss           0x10000000        0x8 main.o
                0x10000000                count
                0x10000004                direction
 .bss           0x10000008       0x1c serial.o
 .bss           0x10000024        0x0 C:\Program Files (x86)\GNU Arm Embedded Toolchain\10 2021.10\lib\gcc\arm-none-eabi\10.3.1\thumb\v6-m\nofp\libgcc.a(_divsi3.o)
 .bss           0x10000024        0x0 C:\Program Files (x86)\GNU Arm Embedded Toolchain\10 2021.10\lib\gcc\arm-none-eabi\10.3.1\thumb\v6-m\nofp\libgcc.a(_dvmd_tls.o)
                0x10000024                BSS_END = .
OUTPUT(main.elf elf32-littlearm)
LOAD linker stubs

.debug_info     0x00000000      0x5ae
 .debug_info    0x00000000      0x107 init.o
 .debug_info    0x00000107      0x19c main.o
 .debug_info    0x000002a3      0x30b serial.o

.debug_abbrev   0x00000000      0x369
 .debug_abbrev  0x00000000       0xd5 init.o
 .debug_abbrev  0x000000d5      0x10a main.o
 .debug_abbrev  0x000001df      0x18a serial.o

.debug_aranges  0x00000000       0x60
 .debug_aranges
                0x00000000       0x20 init.o
 .debug_aranges
                0x00000020       0x20 main.o
 .debug_aranges
                0x00000040       0x20 serial.o

.debug_line     0x00000000      0x5a6
 .debug_line    0x00000000       0xac init.o
 .debug_line    0x000000ac      0x315 main.o
 .debug_line    0x000003c1      0x1e5 serial.o

.debug_str      0x00000000      0x2a4
 .debug_str     0x00000000      0x112 init.o
                                0x124 (size before relaxing)
 .debug_str     0x00000112       0xd1 main.o
                                0x155 (size before relaxing)
 .debug_str     0x000001e3       0xc1 serial.o
                                0x182 (size before relaxing)

.comment        0x00000000       0x49
 .comment       0x00000000       0x49 init.o
                                 0x4a (size before relaxing)
 .comment       0x00000049       0x4a main.o
 .comment       0x00000049       0x4a serial.o

.ARM.attributes
                0x00000000       0x2c
 .ARM.attributes
                0x00000000       0x2c init.o
 .ARM.attributes
                0x0000002c       0x2c main.o
 .ARM.attributes
                0x00000058       0x2c serial.o
 .ARM.attributes
                0x00000084       0x1e C:\Program Files (x86)\GNU Arm Embedded Toolchain\10 2021.10\lib\gcc\arm-none-eabi\10.3.1\thumb\v6-m\nofp\libgcc.a(_divsi3.o)
 .ARM.attributes
                0x000000a2       0x1e C:\Program Files (x86)\GNU Arm Embedded Toolchain\10 2021.10\lib\gcc\arm-none-eabi\10.3.1\thumb\v6-m\nofp\libgcc.a(_dvmd_tls.o)

.debug_frame    0x00000000      0x2f4
 .debug_frame   0x00000000       0x68 init.o
 .debug_frame   0x00000068      0x100 main.o
 .debug_frame   0x00000168      0x16c serial.o
 .debug_frame   0x000002d4       0x20 C:\Program Files (x86)\GNU Arm Embedded Toolchain\10 2021.10\lib\gcc\arm-none-eabi\10.3.1\thumb\v6-m\nofp\libgcc.a(_divsi3.o)

Cross Reference Table

Symbol                                            File
BSS_END                                           init.o
BSS_START                                         init.o
ConfigPins                                        main.o
Default_Handler                                   init.o
INIT_DATA_END                                     init.o
INIT_DATA_START                                   init.o
INIT_DATA_VALUES                                  init.o
InitTimer                                         main.o
PrintNumber                                       serial.o
Reload_SCTIMER                                    main.o
STC_IRQ_Handler                                   main.o
                                                  init.o
UART0_isr                                         serial.o
                                                  init.o
Vectors                                           init.o
__aeabi_idiv                                      C:\Program Files (x86)\GNU Arm Embedded Toolchain\10 2021.10\lib\gcc\arm-none-eabi\10.3.1\thumb\v6-m\nofp\libgcc.a(_divsi3.o)
                                                  serial.o
__aeabi_idiv0                                     C:\Program Files (x86)\GNU Arm Embedded Toolchain\10 2021.10\lib\gcc\arm-none-eabi\10.3.1\thumb\v6-m\nofp\libgcc.a(_dvmd_tls.o)
                                                  C:\Program Files (x86)\GNU Arm Embedded Toolchain\10 2021.10\lib\gcc\arm-none-eabi\10.3.1\thumb\v6-m\nofp\libgcc.a(_divsi3.o)
__aeabi_idivmod                                   C:\Program Files (x86)\GNU Arm Embedded Toolchain\10 2021.10\lib\gcc\arm-none-eabi\10.3.1\thumb\v6-m\nofp\libgcc.a(_divsi3.o)
                                                  serial.o
__aeabi_ldiv0                                     C:\Program Files (x86)\GNU Arm Embedded Toolchain\10 2021.10\lib\gcc\arm-none-eabi\10.3.1\thumb\v6-m\nofp\libgcc.a(_dvmd_tls.o)
__divsi3                                          C:\Program Files (x86)\GNU Arm Embedded Toolchain\10 2021.10\lib\gcc\arm-none-eabi\10.3.1\thumb\v6-m\nofp\libgcc.a(_divsi3.o)
clock_init                                        init.o
count                                             main.o
delayms                                           main.o
direction                                         main.o
egetc                                             serial.o
egets                                             serial.o
eputc                                             serial.o
eputs                                             serial.o
                                                  main.o
getBuf                                            serial.o
init                                              init.o
initUART                                          serial.o
                                                  main.o
main                                              main.o
                                                  init.o
myAtoi                                            main.o
printString                                       serial.o
putBuf                                            serial.o
rx_count                                          serial.o
wait_1ms                                          main.o
